95.163.36.13 - - [01/Sep/2020:03:19:13 +0300] "GET /sitemap_iblock_11.xml HTTP/1.0" 304 - "-" "Mozilla/5.0 (compatible; Linux x86_64; Mail.RU_Bot/Fast/2.0; +http://go.mail.ru/help/robots)"
95.163.36.7 - - [01/Sep/2020:03:19:18 +0300] "GET /sitemap_iblock_10.xml HTTP/1.0" 304 - "-" "Mozilla/5.0 (compatible; Linux x86_64; Mail.RU_Bot/Fast/2.0; +http://go.mail.ru/help/robots)"
95.163.36.13 - - [01/Sep/2020:03:19:27 +0300] "GET /sitemap_iblock_8.xml HTTP/1.0" 304 - "-" "Mozilla/5.0 (compatible; Linux x86_64; Mail.RU_Bot/Fast/2.0; +http://go.mail.ru/help/robots)"
95.163.36.8 - - [01/Sep/2020:03:19:38 +0300] "GET /sitemap_files.xml HTTP/1.0" 304 - "-" "Mozilla/5.0 (compatible; Linux x86_64; Mail.RU_Bot/Fast/2.0; +http://go.mail.ru/help/robots)"
95.163.36.6 - - [01/Sep/2020:03:19:47 +0300] "GET /sitemap_iblock_12.xml HTTP/1.0" 304 - "-" "Mozilla/5.0 (compatible; Linux x86_64; Mail.RU_Bot/Fast/2.0; +http://go.mail.ru/help/robots)"
2.92.95.140 - - [01/Sep/2020:03:21:17 +0300] "GET /personal/cart/ HTTP/1.0" 200 5426 "http://sovdom.com/catalog/list2032.htm?Cfilter_P1_MIN=0&Cfilter_P1_MAX=29450&Cfilter_3077_453220784=Y&Cfilter_3108_1220326086=Y&Cfilter_3108_2642008686=Y&Cfilter_3108_788596282=Y&Cfilter_3108_2125338020=Y&set_filter=%D0%9E%D1%82%D0%BE%D0%B1%D1%80%D0%B0%D1%82%D1%8C" "Mozilla/5.0 (iPhone; CPU iPhone OS 12_4_8 like Mac OS X) AppleWebKit/605.1.15 (KHTML, like Gecko) Version/12.1.2 Mobile/15E148 Safari/604.1"
216.18.204.141 - - [01/Sep/2020:03:22:36 +0300] "GET /catalog/index2332.htm HTTP/1.0" 301 18639 "http://sovdom.com/" "Mozilla/5.0 (compatible; Adsbot/3.1)"
66.249.76.142 - - [01/Sep/2020:03:22:39 +0300] "GET /catalog/list2296.htm HTTP/1.0" 200 18818 "-" "Mozilla/5.0 (compatible; Googlebot/2.1; +http://www.google.com/bot.html)"
216.18.204.141 - - [01/Sep/2020:03:22:44 +0300] "GET /catalog/index2333.htm HTTP/1.0" 301 18635 "http://sovdom.com/" "Mozilla/5.0 (compatible; Adsbot/3.1)"
216.18.204.141 - - [01/Sep/2020:03:22:52 +0300] "GET /catalog/index2334.htm HTTP/1.0" 301 18619 "http://sovdom.com/" "Mozilla/5.0 (compatible; Adsbot/3.1)"
216.18.204.141 - - [01/Sep/2020:03:23:01 +0300] "GET /catalog/index2335.htm HTTP/1.0" 301 18637 "http://sovdom.com/" "Mozilla/5.0 (compatible; Adsbot/3.1)"
216.18.204.141 - - [01/Sep/2020:03:23:16 +0300] "GET /catalog/index2336.htm HTTP/1.0" 301 18611 "http://sovdom.com/" "Mozilla/5.0 (compatible; Adsbot/3.1)"
216.18.204.141 - - [01/Sep/2020:03:23:22 +0300] "GET /catalog/index2338.htm HTTP/1.0" 301 18617 "http://sovdom.com/" "Mozilla/5.0 (compatible; Adsbot/3.1)"
216.18.204.141 - - [01/Sep/2020:03:23:30 +0300] "GET /catalog/index2339.htm HTTP/1.0" 301 18613 "http://sovdom.com/" "Mozilla/5.0 (compatible; Adsbot/3.1)"
216.18.204.141 - - [01/Sep/2020:03:23:39 +0300] "GET /catalog/index2340.htm HTTP/1.0" 301 18617 "http://sovdom.com/" "Mozilla/5.0 (compatible; Adsbot/3.1)"
216.18.204.141 - - [01/Sep/2020:03:23:46 +0300] "GET /catalog/index2341.htm HTTP/1.0" 301 18611 "http://sovdom.com/" "Mozilla/5.0 (compatible; Adsbot/3.1)"
66.249.76.144 - - [01/Sep/2020:03:23:47 +0300] "GET /about/delivery.htm?code=delivery HTTP/1.0" 200 20998 "-" "Mozilla/5.0 (compatible; Googlebot/2.1; +http://www.google.com/bot.html)"
216.18.204.141 - - [01/Sep/2020:03:23:54 +0300] "GET /catalog/index2343.htm HTTP/1.0" 301 18607 "http://sovdom.com/" "Mozilla/5.0 (compatible; Adsbot/3.1)"
216.18.204.141 - - [01/Sep/2020:03:24:01 +0300] "GET /catalog/index2345.htm HTTP/1.0" 301 18632 "http://sovdom.com/" "Mozilla/5.0 (compatible; Adsbot/3.1)"
66.249.76.142 - - [01/Sep/2020:03:24:07 +0300] "GET /catalog/list2457.htm HTTP/1.0" 200 20311 "-" "Mozilla/5.0 (compatible; Googlebot/2.1; +http://www.google.com/bot.html)"
216.18.204.141 - - [01/Sep/2020:03:24:09 +0300] "GET /catalog/index2349.htm HTTP/1.0" 301 18617 "http://sovdom.com/" "Mozilla/5.0 (compatible; Adsbot/3.1)"
216.18.204.141 - - [01/Sep/2020:03:24:16 +0300] "GET /catalog/index2352.htm HTTP/1.0" 301 18603 "http://sovdom.com/" "Mozilla/5.0 (compatible; Adsbot/3.1)"
66.249.76.144 - - [01/Sep/2020:03:24:21 +0300] "GET /catalog/list2488.htm HTTP/1.0" 200 23925 "-" "Mozilla/5.0 (compatible; Googlebot/2.1; +http://www.google.com/bot.html)"
216.18.204.141 - - [01/Sep/2020:03:24:26 +0300] "GET /catalog/index2373.htm HTTP/1.0" 301 18619 "http://sovdom.com/" "Mozilla/5.0 (compatible; Adsbot/3.1)"
178.154.200.135 - - [01/Sep/2020:03:24:32 +0300] "GET /catalog/index2036.htm HTTP/1.0" 200 19460 "-" "Mozilla/5.0 (compatible; YandexBot/3.0; +http://yandex.com/bots)"
178.154.200.135 - - [01/Sep/2020:03:24:33 +0300] "GET /catalog/list2426.htm HTTP/1.0" 200 24464 "-" "Mozilla/5.0 (compatible; YandexBot/3.0; +http://yandex.com/bots)"
178.154.200.154 - - [01/Sep/2020:03:24:34 +0300] "GET /catalog/index2503.htm HTTP/1.0" 200 18950 "-" "Mozilla/5.0 (compatible; YandexBot/3.0; +http://yandex.com/bots)"
178.154.200.135 - - [01/Sep/2020:03:24:34 +0300] "GET /catalog/list2124.htm HTTP/1.0" 200 26416 "-" "Mozilla/5.0 (compatible; YandexBot/3.0; +http://yandex.com/bots)"
178.154.200.154 - - [01/Sep/2020:03:24:35 +0300] "GET /catalog/index2505.htm HTTP/1.0" 200 19500 "-" "Mozilla/5.0 (compatible; YandexBot/3.0; +http://yandex.com/bots)"
216.18.204.141 - - [01/Sep/2020:03:24:35 +0300] "GET /catalog/index2388.htm HTTP/1.0" 301 18616 "http://sovdom.com/" "Mozilla/5.0 (compatible; Adsbot/3.1)"
5.45.207.96 - - [01/Sep/2020:03:24:35 +0300] "GET /catalog/list2394.htm HTTP/1.0" 200 42912 "-" "Mozilla/5.0 (compatible; YandexBot/3.0; +http://yandex.com/bots)"
178.154.200.135 - - [01/Sep/2020:03:24:37 +0300] "GET /bitrix/tools/captcha.php?captcha_sid=0693955e7da7c0ffc86a48f690482e42 HTTP/1.0" 200 3891 "-" "Mozilla/5.0 (compatible; YandexImages/3.0; +http://yandex.com/bots)"
178.154.200.135 - - [01/Sep/2020:03:24:38 +0300] "GET /catalog/list2327.htm HTTP/1.0" 200 34204 "-" "Mozilla/5.0 (compatible; YandexBot/3.0; +http://yandex.com/bots)"
178.154.200.154 - - [01/Sep/2020:03:24:39 +0300] "GET /catalog/list2329.htm HTTP/1.0" 200 27311 "-" "Mozilla/5.0 (compatible; YandexBot/3.0; +http://yandex.com/bots)"
178.154.200.135 - - [01/Sep/2020:03:24:40 +0300] "GET /catalog/list2158.htm HTTP/1.0" 200 34480 "-" "Mozilla/5.0 (compatible; YandexBot/3.0; +http://yandex.com/bots)"
178.154.200.135 - - [01/Sep/2020:03:24:42 +0300] "GET /catalog/list2299.htm HTTP/1.0" 200 18816 "-" "Mozilla/5.0 (compatible; YandexBot/3.0; +http://yandex.com/bots)"
216.18.204.141 - - [01/Sep/2020:03:24:42 +0300] "GET /catalog/index2389.htm HTTP/1.0" 301 18647 "http://sovdom.com/" "Mozilla/5.0 (compatible; Adsbot/3.1)"
193.106.30.99 - - [01/Sep/2020:03:24:43 +0300] "POST /sites/all/stats.php HTTP/1.0" 404 18800 "-" "Mozilla/5.0 (Windows NT 10.0; Win64; x64; rv:66.0) Gecko/20100101 Firefox/66.0"
178.154.200.135 - - [01/Sep/2020:03:24:43 +0300] "GET /catalog/list2424.htm HTTP/1.0" 200 30309 "-" "Mozilla/5.0 (compatible; YandexBot/3.0; +http://yandex.com/bots)"
178.154.200.154 - - [01/Sep/2020:03:24:44 +0300] "GET /catalog/list2427.htm HTTP/1.0" 200 22979 "-" "Mozilla/5.0 (compatible; YandexBot/3.0; +http://yandex.com/bots)"
178.154.200.135 - - [01/Sep/2020:03:24:44 +0300] "GET /catalog/list2221.htm HTTP/1.0" 200 39961 "-" "Mozilla/5.0 (compatible; YandexBot/3.0; +http://yandex.com/bots)"
178.154.200.135 - - [01/Sep/2020:03:24:46 +0300] "GET /catalog/index1999.htm HTTP/1.0" 200 18708 "-" "Mozilla/5.0 (compatible; YandexBot/3.0; +http://yandex.com/bots)"
178.154.200.135 - - [01/Sep/2020:03:24:47 +0300] "GET /about/contacts.htm HTTP/1.0" 200 20509 "-" "Mozilla/5.0 (compatible; YandexBot/3.0; +http://yandex.com/bots)"
178.154.200.154 - - [01/Sep/2020:03:24:47 +0300] "GET /catalog/index2031.htm HTTP/1.0" 200 18804 "-" "Mozilla/5.0 (compatible; YandexBot/3.0; +http://yandex.com/bots)"
5.45.207.96 - - [01/Sep/2020:03:24:47 +0300] "GET /catalog/list2476.htm HTTP/1.0" 200 41733 "-" "Mozilla/5.0 (compatible; YandexBot/3.0; +http://yandex.com/bots)"
178.154.200.135 - - [01/Sep/2020:03:24:50 +0300] "GET /catalog/index2063.htm HTTP/1.0" 200 19163 "-" "Mozilla/5.0 (compatible; YandexBot/3.0; +http://yandex.com/bots)"
178.154.200.135 - - [01/Sep/2020:03:24:50 +0300] "GET /catalog/list2069.htm HTTP/1.0" 200 32827 "-" "Mozilla/5.0 (compatible; YandexBot/3.0; +http://yandex.com/bots)"
178.154.200.154 - - [01/Sep/2020:03:24:51 +0300] "GET /catalog/list2183.htm HTTP/1.0" 200 43103 "-" "Mozilla/5.0 (compatible; YandexBot/3.0; +http://yandex.com/bots)"
216.18.204.141 - - [01/Sep/2020:03:24:52 +0300] "GET /catalog/index2390.htm HTTP/1.0" 301 18473 "http://sovdom.com/" "Mozilla/5.0 (compatible; Adsbot/3.1)"
178.154.200.135 - - [01/Sep/2020:03:24:52 +0300] "GET /catalog/index2178.htm HTTP/1.0" 200 18983 "-" "Mozilla/5.0 (compatible; YandexBot/3.0; +http://yandex.com/bots)"
178.154.200.154 - - [01/Sep/2020:03:24:53 +0300] "GET /catalog/list2032.htm HTTP/1.0" 200 42224 "-" "Mozilla/5.0 (compatible; YandexBot/3.0; +http://yandex.com/bots)"
178.154.200.135 - - [01/Sep/2020:03:24:55 +0300] "GET /catalog/list2034.htm HTTP/1.0" 200 42703 "-" "Mozilla/5.0 (compatible; YandexBot/3.0; +http://yandex.com/bots)"
178.154.200.154 - - [01/Sep/2020:03:24:56 +0300] "GET /catalog/index2083.htm HTTP/1.0" 200 19713 "-" "Mozilla/5.0 (compatible; YandexBot/3.0; +http://yandex.com/bots)"
178.154.200.135 - - [01/Sep/2020:03:24:57 +0300] "GET /catalog/list2474.htm HTTP/1.0" 200 34204 "-" "Mozilla/5.0 (compatible; YandexBot/3.0; +http://yandex.com/bots)"
216.18.204.141 - - [01/Sep/2020:03:24:59 +0300] "GET /catalog/index2425.htm HTTP/1.0" 301 18597 "http://sovdom.com/" "Mozilla/5.0 (compatible; Adsbot/3.1)"
178.154.200.154 - - [01/Sep/2020:03:24:57 +0300] "GET /catalog/list2114.htm HTTP/1.0" 200 39687 "-" "Mozilla/5.0 (compatible; YandexBot/3.0; +http://yandex.com/bots)"
178.154.200.135 - - [01/Sep/2020:03:25:00 +0300] "GET /bitrix/tools/captcha.php?captcha_sid=05d012da7f8f9469fc0551ab34e0488f HTTP/1.0" 200 3922 "-" "Mozilla/5.0 (compatible; YandexImages/3.0; +http://yandex.com/bots)"
178.154.200.154 - - [01/Sep/2020:03:25:00 +0300] "GET /catalog/list2151.htm HTTP/1.0" 200 30004 "-" "Mozilla/5.0 (compatible; YandexBot/3.0; +http://yandex.com/bots)"
216.18.204.141 - - [01/Sep/2020:03:25:05 +0300] "GET /catalog/index2457.htm HTTP/1.0" 301 18586 "http://sovdom.com/" "Mozilla/5.0 (compatible; Adsbot/3.1)"
178.154.200.135 - - [01/Sep/2020:03:25:05 +0300] "GET /catalog/list2162.htm HTTP/1.0" 200 39845 "-" "Mozilla/5.0 (compatible; YandexBot/3.0; +http://yandex.com/bots)"
178.154.200.135 - - [01/Sep/2020:03:25:07 +0300] "GET /about/shops.htm HTTP/1.0" 200 21821 "-" "Mozilla/5.0 (compatible; YandexBot/3.0; +http://yandex.com/bots)"
178.154.200.135 - - [01/Sep/2020:03:25:08 +0300] "GET /catalog/index2103.htm HTTP/1.0" 200 21681 "-" "Mozilla/5.0 (compatible; YandexBot/3.0; +http://yandex.com/bots)"
178.154.200.154 - - [01/Sep/2020:03:25:08 +0300] "GET /catalog/list2101.htm HTTP/1.0" 200 41507 "-" "Mozilla/5.0 (compatible; YandexBot/3.0; +http://yandex.com/bots)"
178.154.200.135 - - [01/Sep/2020:03:25:09 +0300] "GET /catalog/list2012.htm HTTP/1.0" 200 40969 "-" "Mozilla/5.0 (compatible; YandexBot/3.0; +http://yandex.com/bots)"
178.154.200.154 - - [01/Sep/2020:03:25:11 +0300] "GET /catalog/list2029.htm HTTP/1.0" 200 40923 "-" "Mozilla/5.0 (compatible; YandexBot/3.0; +http://yandex.com/bots)"
178.154.200.135 - - [01/Sep/2020:03:25:12 +0300] "GET /catalog/list2395.htm HTTP/1.0" 200 41776 "-" "Mozilla/5.0 (compatible; YandexBot/3.0; +http://yandex.com/bots)"
216.18.204.141 - - [01/Sep/2020:03:25:14 +0300] "GET /catalog/index2569.htm HTTP/1.0" 200 20291 "http://sovdom.com/" "Mozilla/5.0 (compatible; Adsbot/3.1)"
178.154.200.154 - - [01/Sep/2020:03:25:14 +0300] "GET /catalog/list2526.htm HTTP/1.0" 200 27850 "-" "Mozilla/5.0 (compatible; YandexBot/3.0; +http://yandex.com/bots)"
178.154.200.135 - - [01/Sep/2020:03:25:24 +0300] "GET /bitrix/tools/captcha.php?captcha_sid=0fef58d081b506a387b0c7f72e93c29d HTTP/1.0" 200 3959 "-" "Mozilla/5.0 (compatible; YandexImages/3.0; +http://yandex.com/bots)"
178.154.200.154 - - [01/Sep/2020:03:25:24 +0300] "GET /catalog/index2002.htm HTTP/1.0" 200 19501 "-" "Mozilla/5.0 (compatible; YandexBot/3.0; +http://yandex.com/bots)"
178.154.200.135 - - [01/Sep/2020:03:25:26 +0300] "GET /bitrix/tools/captcha.php?captcha_sid=0f37067c00b6e3227cbb066245e3d6b5 HTTP/1.0" 200 3895 "-" "Mozilla/5.0 (compatible; YandexImages/3.0; +http://yandex.com/bots)"
178.154.200.154 - - [01/Sep/2020:03:25:26 +0300] "GET /bitrix/tools/captcha.php?captcha_sid=07acd664030e18a673e968655e701f8a HTTP/1.0" 200 4031 "-" "Mozilla/5.0 (compatible; YandexImages/3.0; +http://yandex.com/bots)"
178.154.200.135 - - [01/Sep/2020:03:25:28 +0300] "GET /bitrix/tools/captcha.php?captcha_sid=03755830a2fc2ee2b3d655f0abbf6f22 HTTP/1.0" 200 3829 "-" "Mozilla/5.0 (compatible; YandexImages/3.0; +http://yandex.com/bots)"
66.249.64.174 - - [01/Sep/2020:03:25:12 +0300] "GET /catalog/list2037.htm HTTP/1.0" 200 - "-" "Mozilla/5.0 (compatible; Googlebot/2.1; +http://www.google.com/bot.html)"
178.154.200.154 - - [01/Sep/2020:03:25:29 +0300] "GET /bitrix/tools/captcha.php?captcha_sid=01913b4107bc8b0790f793441bfcaebd HTTP/1.0" 200 3915 "-" "Mozilla/5.0 (compatible; YandexImages/3.0; +http://yandex.com/bots)"
178.154.200.135 - - [01/Sep/2020:03:25:30 +0300] "GET /bitrix/tools/captcha.php?captcha_sid=03b68e13f24dd17180720bd3ac3a2ce1 HTTP/1.0" 200 3850 "-" "Mozilla/5.0 (compatible; YandexImages/3.0; +http://yandex.com/bots)"
178.154.200.154 - - [01/Sep/2020:03:25:31 +0300] "GET /bitrix/tools/captcha.php?captcha_sid=0cbae5fa7b235c05d566fd4b1f684218 HTTP/1.0" 200 3959 "-" "Mozilla/5.0 (compatible; YandexImages/3.0; +http://yandex.com/bots)"
216.18.204.141 - - [01/Sep/2020:03:25:39 +0300] "GET /catalog/index2570.htm HTTP/1.0" 301 18549 "http://sovdom.com/" "Mozilla/5.0 (compatible; Adsbot/3.1)"
178.154.200.135 - - [01/Sep/2020:03:25:41 +0300] "GET /catalog/list2182.htm HTTP/1.0" 200 36894 "-" "Mozilla/5.0 (compatible; YandexBot/3.0; +http://yandex.com/bots)"
216.18.204.141 - - [01/Sep/2020:03:25:46 +0300] "GET /catalog/index2571.htm HTTP/1.0" 301 18571 "http://sovdom.com/" "Mozilla/5.0 (compatible; Adsbot/3.1)"